{"event":"run","schema":2,"analysis":["interval"],"context_policy":"entry-state","update_rule":"warrow","program":"docs/readme-figures/contexts.vimp"}
{"step":1,"event":"start","line":7,"unknown":{"kind":"local","node":"exit_main","context":{"kind":"entry_state","values":[]}}}
{"step":2,"event":"iterate","line":8,"unknown":{"kind":"local","node":"exit_main","context":{"kind":"entry_state","values":[]}},"called":true,"stable":false,"wpoint":false}
{"step":3,"event":"solve","line":8,"unknown":{"kind":"local","node":"exit_main","context":{"kind":"entry_state","values":[]}}}
{"step":4,"event":"eq","line":9,"unknown":{"kind":"local","node":"exit_main","context":{"kind":"entry_state","values":[]}}}
{"step":5,"event":"stable_add","line":9,"unknown":{"kind":"local","node":"exit_main","context":{"kind":"entry_state","values":[]}}}
{"step":6,"event":"query_local","line":10,"current":{"kind":"local","node":"exit_main","context":{"kind":"entry_state","values":[]}},"target":{"kind":"local","node":"pp6","context":{"kind":"entry_state","values":[]}}}
{"step":7,"event":"iterate","line":12,"unknown":{"kind":"local","node":"pp6","context":{"kind":"entry_state","values":[]}},"called":true,"stable":false,"wpoint":false}
{"step":8,"event":"solve","line":12,"unknown":{"kind":"local","node":"pp6","context":{"kind":"entry_state","values":[]}}}
{"step":9,"event":"eq","line":13,"unknown":{"kind":"local","node":"pp6","context":{"kind":"entry_state","values":[]}}}
{"step":10,"event":"stable_add","line":13,"unknown":{"kind":"local","node":"pp6","context":{"kind":"entry_state","values":[]}}}
{"step":11,"event":"query_local","line":14,"current":{"kind":"local","node":"pp6","context":{"kind":"entry_state","values":[]}},"target":{"kind":"local","node":"pp5","context":{"kind":"entry_state","values":[]}}}
{"step":12,"event":"iterate","line":16,"unknown":{"kind":"local","node":"pp5","context":{"kind":"entry_state","values":[]}},"called":true,"stable":false,"wpoint":false}
{"step":13,"event":"solve","line":16,"unknown":{"kind":"local","node":"pp5","context":{"kind":"entry_state","values":[]}}}
{"step":14,"event":"eq","line":17,"unknown":{"kind":"local","node":"pp5","context":{"kind":"entry_state","values":[]}}}
{"step":15,"event":"stable_add","line":17,"unknown":{"kind":"local","node":"pp5","context":{"kind":"entry_state","values":[]}}}
{"step":16,"event":"query_local","line":18,"current":{"kind":"local","node":"pp5","context":{"kind":"entry_state","values":[]}},"target":{"kind":"local","node":"pp4","context":{"kind":"entry_state","values":[]}}}
{"step":17,"event":"iterate","line":20,"unknown":{"kind":"local","node":"pp4","context":{"kind":"entry_state","values":[]}},"called":true,"stable":false,"wpoint":false}
{"step":18,"event":"solve","line":20,"unknown":{"kind":"local","node":"pp4","context":{"kind":"entry_state","values":[]}}}
{"step":19,"event":"eq","line":21,"unknown":{"kind":"local","node":"pp4","context":{"kind":"entry_state","values":[]}}}
{"step":20,"event":"stable_add","line":21,"unknown":{"kind":"local","node":"pp4","context":{"kind":"entry_state","values":[]}}}
{"step":21,"event":"query_local","line":22,"current":{"kind":"local","node":"pp4","context":{"kind":"entry_state","values":[]}},"target":{"kind":"local","node":"pp3","context":{"kind":"entry_state","values":[]}}}
{"step":22,"event":"iterate","line":24,"unknown":{"kind":"local","node":"pp3","context":{"kind":"entry_state","values":[]}},"called":true,"stable":false,"wpoint":false}
{"step":23,"event":"solve","line":24,"unknown":{"kind":"local","node":"pp3","context":{"kind":"entry_state","values":[]}}}
{"step":24,"event":"eq","line":25,"unknown":{"kind":"local","node":"pp3","context":{"kind":"entry_state","values":[]}}}
{"step":25,"event":"stable_add","line":25,"unknown":{"kind":"local","node":"pp3","context":{"kind":"entry_state","values":[]}}}
{"step":26,"event":"query_local","line":26,"current":{"kind":"local","node":"pp3","context":{"kind":"entry_state","values":[]}},"target":{"kind":"local","node":"pp2","context":{"kind":"entry_state","values":[]}}}
{"step":27,"event":"iterate","line":28,"unknown":{"kind":"local","node":"pp2","context":{"kind":"entry_state","values":[]}},"called":true,"stable":false,"wpoint":false}
{"step":28,"event":"solve","line":28,"unknown":{"kind":"local","node":"pp2","context":{"kind":"entry_state","values":[]}}}
{"step":29,"event":"eq","line":29,"unknown":{"kind":"local","node":"pp2","context":{"kind":"entry_state","values":[]}}}
{"step":30,"event":"stable_add","line":29,"unknown":{"kind":"local","node":"pp2","context":{"kind":"entry_state","values":[]}}}
{"step":31,"event":"query_local","line":30,"current":{"kind":"local","node":"pp2","context":{"kind":"entry_state","values":[]}},"target":{"kind":"local","node":"entry_main","context":{"kind":"entry_state","values":[]}}}
{"step":32,"event":"iterate","line":32,"unknown":{"kind":"local","node":"entry_main","context":{"kind":"entry_state","values":[]}},"called":true,"stable":false,"wpoint":false}
{"step":33,"event":"solve","line":32,"unknown":{"kind":"local","node":"entry_main","context":{"kind":"entry_state","values":[]}}}
{"step":34,"event":"eq","line":33,"unknown":{"kind":"local","node":"entry_main","context":{"kind":"entry_state","values":[]}}}
{"step":35,"event":"stable_add","line":33,"unknown":{"kind":"local","node":"entry_main","context":{"kind":"entry_state","values":[]}}}
{"step":36,"event":"add_infl","line":35,"unknown":{"kind":"activation_seed","procedure":"main","context":{"kind":"entry_state","values":[]}},"reader":{"kind":"local","node":"entry_main","context":{"kind":"entry_state","values":[]}}}
{"step":37,"event":"query_global","line":36,"current":{"kind":"local","node":"entry_main","context":{"kind":"entry_state","values":[]}},"target":{"kind":"activation_seed","procedure":"main","context":{"kind":"entry_state","values":[]}},"value":"⊥"}
{"step":38,"event":"answer","line":38,"current":{"kind":"local","node":"entry_main","context":{"kind":"entry_state","values":[]}},"value":"interval: a=⊤, b=⊤, #ret=⊤, n=⊤"}
{"step":39,"event":"update_local","line":39,"unknown":{"kind":"local","node":"entry_main","context":{"kind":"entry_state","values":[]}},"old":"⊥","new":"interval: a=⊤, b=⊤, #ret=⊤, n=⊤"}
{"step":40,"event":"destabilize","line":43,"unknown":{"kind":"local","node":"entry_main","context":{"kind":"entry_state","values":[]}}}
{"step":41,"event":"iterate","line":45,"unknown":{"kind":"local","node":"entry_main","context":{"kind":"entry_state","values":[]}},"called":true,"stable":true,"wpoint":false}
{"step":42,"event":"add_infl","line":46,"unknown":{"kind":"local","node":"entry_main","context":{"kind":"entry_state","values":[]}},"reader":{"kind":"local","node":"pp2","context":{"kind":"entry_state","values":[]}}}
{"step":43,"event":"value_local","line":47,"current":{"kind":"local","node":"pp2","context":{"kind":"entry_state","values":[]}},"target":{"kind":"local","node":"entry_main","context":{"kind":"entry_state","values":[]}},"value":"interval: a=⊤, b=⊤, #ret=⊤, n=⊤"}
{"step":44,"event":"answer","line":49,"current":{"kind":"local","node":"pp2","context":{"kind":"entry_state","values":[]}},"value":"interval: a=⊤, b=⊤, #ret=⊤, n=⊤"}
{"step":45,"event":"update_local","line":50,"unknown":{"kind":"local","node":"pp2","context":{"kind":"entry_state","values":[]}},"old":"⊥","new":"interval: a=⊤, b=⊤, #ret=⊤, n=⊤"}
{"step":46,"event":"destabilize","line":54,"unknown":{"kind":"local","node":"pp2","context":{"kind":"entry_state","values":[]}}}
{"step":47,"event":"iterate","line":56,"unknown":{"kind":"local","node":"pp2","context":{"kind":"entry_state","values":[]}},"called":true,"stable":true,"wpoint":false}
{"step":48,"event":"add_infl","line":57,"unknown":{"kind":"local","node":"pp2","context":{"kind":"entry_state","values":[]}},"reader":{"kind":"local","node":"pp3","context":{"kind":"entry_state","values":[]}}}
{"step":49,"event":"value_local","line":58,"current":{"kind":"local","node":"pp3","context":{"kind":"entry_state","values":[]}},"target":{"kind":"local","node":"pp2","context":{"kind":"entry_state","values":[]}},"value":"interval: a=⊤, b=⊤, #ret=⊤, n=⊤"}
{"step":50,"event":"route","line":60,"call":{"kind":"local","node":"pp2","context":{"kind":"entry_state","values":[]}},"entry":"interval: a=⊤, b=⊤, #ret=⊤, n=[5,5]","context":{"kind":"entry_state","values":["[5,5]"]}}
{"step":51,"event":"query_local","line":61,"current":{"kind":"local","node":"pp3","context":{"kind":"entry_state","values":[]}},"target":{"kind":"local","node":"exit_bump","context":{"kind":"entry_state","values":["[5,5]"]}}}
{"step":52,"event":"iterate","line":63,"unknown":{"kind":"local","node":"exit_bump","context":{"kind":"entry_state","values":["[5,5]"]}},"called":true,"stable":false,"wpoint":false}
{"step":53,"event":"solve","line":63,"unknown":{"kind":"local","node":"exit_bump","context":{"kind":"entry_state","values":["[5,5]"]}}}
{"step":54,"event":"eq","line":64,"unknown":{"kind":"local","node":"exit_bump","context":{"kind":"entry_state","values":["[5,5]"]}}}
{"step":55,"event":"stable_add","line":64,"unknown":{"kind":"local","node":"exit_bump","context":{"kind":"entry_state","values":["[5,5]"]}}}
{"step":56,"event":"query_local","line":65,"current":{"kind":"local","node":"exit_bump","context":{"kind":"entry_state","values":["[5,5]"]}},"target":{"kind":"local","node":"pp0","context":{"kind":"entry_state","values":["[5,5]"]}}}
{"step":57,"event":"iterate","line":67,"unknown":{"kind":"local","node":"pp0","context":{"kind":"entry_state","values":["[5,5]"]}},"called":true,"stable":false,"wpoint":false}
{"step":58,"event":"solve","line":67,"unknown":{"kind":"local","node":"pp0","context":{"kind":"entry_state","values":["[5,5]"]}}}
{"step":59,"event":"eq","line":68,"unknown":{"kind":"local","node":"pp0","context":{"kind":"entry_state","values":["[5,5]"]}}}
{"step":60,"event":"stable_add","line":68,"unknown":{"kind":"local","node":"pp0","context":{"kind":"entry_state","values":["[5,5]"]}}}
{"step":61,"event":"query_local","line":69,"current":{"kind":"local","node":"pp0","context":{"kind":"entry_state","values":["[5,5]"]}},"target":{"kind":"local","node":"entry_bump","context":{"kind":"entry_state","values":["[5,5]"]}}}
{"step":62,"event":"iterate","line":71,"unknown":{"kind":"local","node":"entry_bump","context":{"kind":"entry_state","values":["[5,5]"]}},"called":true,"stable":false,"wpoint":false}
{"step":63,"event":"solve","line":71,"unknown":{"kind":"local","node":"entry_bump","context":{"kind":"entry_state","values":["[5,5]"]}}}
{"step":64,"event":"eq","line":72,"unknown":{"kind":"local","node":"entry_bump","context":{"kind":"entry_state","values":["[5,5]"]}}}
{"step":65,"event":"stable_add","line":72,"unknown":{"kind":"local","node":"entry_bump","context":{"kind":"entry_state","values":["[5,5]"]}}}
{"step":66,"event":"add_infl","line":74,"unknown":{"kind":"activation_seed","procedure":"bump","context":{"kind":"entry_state","values":["[5,5]"]}},"reader":{"kind":"local","node":"entry_bump","context":{"kind":"entry_state","values":["[5,5]"]}}}
{"step":67,"event":"query_global","line":75,"current":{"kind":"local","node":"entry_bump","context":{"kind":"entry_state","values":["[5,5]"]}},"target":{"kind":"activation_seed","procedure":"bump","context":{"kind":"entry_state","values":["[5,5]"]}},"value":"⊥"}
{"step":68,"event":"answer","line":77,"current":{"kind":"local","node":"entry_bump","context":{"kind":"entry_state","values":["[5,5]"]}},"value":"⊥"}
{"step":69,"event":"add_infl","line":82,"unknown":{"kind":"local","node":"entry_bump","context":{"kind":"entry_state","values":["[5,5]"]}},"reader":{"kind":"local","node":"pp0","context":{"kind":"entry_state","values":["[5,5]"]}}}
{"step":70,"event":"value_local","line":83,"current":{"kind":"local","node":"pp0","context":{"kind":"entry_state","values":["[5,5]"]}},"target":{"kind":"local","node":"entry_bump","context":{"kind":"entry_state","values":["[5,5]"]}},"value":"⊥"}
{"step":71,"event":"answer","line":85,"current":{"kind":"local","node":"pp0","context":{"kind":"entry_state","values":["[5,5]"]}},"value":"⊥"}
{"step":72,"event":"add_infl","line":90,"unknown":{"kind":"local","node":"pp0","context":{"kind":"entry_state","values":["[5,5]"]}},"reader":{"kind":"local","node":"exit_bump","context":{"kind":"entry_state","values":["[5,5]"]}}}
{"step":73,"event":"value_local","line":91,"current":{"kind":"local","node":"exit_bump","context":{"kind":"entry_state","values":["[5,5]"]}},"target":{"kind":"local","node":"pp0","context":{"kind":"entry_state","values":["[5,5]"]}},"value":"⊥"}
{"step":74,"event":"answer","line":93,"current":{"kind":"local","node":"exit_bump","context":{"kind":"entry_state","values":["[5,5]"]}},"value":"⊥"}
{"step":75,"event":"add_infl","line":98,"unknown":{"kind":"local","node":"exit_bump","context":{"kind":"entry_state","values":["[5,5]"]}},"reader":{"kind":"local","node":"pp3","context":{"kind":"entry_state","values":[]}}}
{"step":76,"event":"value_local","line":99,"current":{"kind":"local","node":"pp3","context":{"kind":"entry_state","values":[]}},"target":{"kind":"local","node":"exit_bump","context":{"kind":"entry_state","values":["[5,5]"]}},"value":"⊥"}
{"step":77,"event":"side","line":101,"current":{"kind":"local","node":"pp3","context":{"kind":"entry_state","values":[]}},"target":{"kind":"activation_seed","procedure":"bump","context":{"kind":"entry_state","values":["[5,5]"]}},"value":"interval: a=⊤, b=⊤, #ret=⊤, n=[5,5]"}
{"step":78,"event":"update_global","line":101,"unknown":{"kind":"activation_seed","procedure":"bump","context":{"kind":"entry_state","values":["[5,5]"]}},"old":"⊥","new":"interval: a=⊤, b=⊤, #ret=⊤, n=[5,5]"}
{"step":79,"event":"destabilize","line":102,"unknown":{"kind":"activation_seed","procedure":"bump","context":{"kind":"entry_state","values":["[5,5]"]}}}
{"step":80,"event":"stable_remove","line":103,"unknown":{"kind":"local","node":"entry_bump","context":{"kind":"entry_state","values":["[5,5]"]}}}
{"step":81,"event":"destabilize","line":104,"unknown":{"kind":"local","node":"entry_bump","context":{"kind":"entry_state","values":["[5,5]"]}}}
{"step":82,"event":"stable_remove","line":105,"unknown":{"kind":"local","node":"pp0","context":{"kind":"entry_state","values":["[5,5]"]}}}
{"step":83,"event":"destabilize","line":106,"unknown":{"kind":"local","node":"pp0","context":{"kind":"entry_state","values":["[5,5]"]}}}
{"step":84,"event":"stable_remove","line":107,"unknown":{"kind":"local","node":"exit_bump","context":{"kind":"entry_state","values":["[5,5]"]}}}
{"step":85,"event":"destabilize","line":108,"unknown":{"kind":"local","node":"exit_bump","context":{"kind":"entry_state","values":["[5,5]"]}}}
{"step":86,"event":"stable_remove","line":109,"unknown":{"kind":"local","node":"pp3","context":{"kind":"entry_state","values":[]}}}
{"step":87,"event":"answer","line":110,"current":{"kind":"local","node":"pp3","context":{"kind":"entry_state","values":[]}},"value":"⊥"}
{"step":88,"event":"still_unstable","line":111,"unknown":{"kind":"local","node":"pp3","context":{"kind":"entry_state","values":[]}}}
{"step":89,"event":"eq","line":112,"unknown":{"kind":"local","node":"pp3","context":{"kind":"entry_state","values":[]}}}
{"step":90,"event":"stable_add","line":112,"unknown":{"kind":"local","node":"pp3","context":{"kind":"entry_state","values":[]}}}
{"step":91,"event":"query_local","line":113,"current":{"kind":"local","node":"pp3","context":{"kind":"entry_state","values":[]}},"target":{"kind":"local","node":"pp2","context":{"kind":"entry_state","values":[]}}}
{"step":92,"event":"iterate","line":115,"unknown":{"kind":"local","node":"pp2","context":{"kind":"entry_state","values":[]}},"called":true,"stable":true,"wpoint":false}
{"step":93,"event":"add_infl","line":116,"unknown":{"kind":"local","node":"pp2","context":{"kind":"entry_state","values":[]}},"reader":{"kind":"local","node":"pp3","context":{"kind":"entry_state","values":[]}}}
{"step":94,"event":"value_local","line":117,"current":{"kind":"local","node":"pp3","context":{"kind":"entry_state","values":[]}},"target":{"kind":"local","node":"pp2","context":{"kind":"entry_state","values":[]}},"value":"interval: a=⊤, b=⊤, #ret=⊤, n=⊤"}
{"step":95,"event":"route","line":119,"call":{"kind":"local","node":"pp2","context":{"kind":"entry_state","values":[]}},"entry":"interval: a=⊤, b=⊤, #ret=⊤, n=[5,5]","context":{"kind":"entry_state","values":["[5,5]"]}}
{"step":96,"event":"query_local","line":120,"current":{"kind":"local","node":"pp3","context":{"kind":"entry_state","values":[]}},"target":{"kind":"local","node":"exit_bump","context":{"kind":"entry_state","values":["[5,5]"]}}}
{"step":97,"event":"iterate","line":122,"unknown":{"kind":"local","node":"exit_bump","context":{"kind":"entry_state","values":["[5,5]"]}},"called":true,"stable":false,"wpoint":false}
{"step":98,"event":"resolve","line":122,"unknown":{"kind":"local","node":"exit_bump","context":{"kind":"entry_state","values":["[5,5]"]}}}
{"step":99,"event":"eq","line":123,"unknown":{"kind":"local","node":"exit_bump","context":{"kind":"entry_state","values":["[5,5]"]}}}
{"step":100,"event":"stable_add","line":123,"unknown":{"kind":"local","node":"exit_bump","context":{"kind":"entry_state","values":["[5,5]"]}}}
{"step":101,"event":"query_local","line":124,"current":{"kind":"local","node":"exit_bump","context":{"kind":"entry_state","values":["[5,5]"]}},"target":{"kind":"local","node":"pp0","context":{"kind":"entry_state","values":["[5,5]"]}}}
{"step":102,"event":"iterate","line":126,"unknown":{"kind":"local","node":"pp0","context":{"kind":"entry_state","values":["[5,5]"]}},"called":true,"stable":false,"wpoint":false}
{"step":103,"event":"resolve","line":126,"unknown":{"kind":"local","node":"pp0","context":{"kind":"entry_state","values":["[5,5]"]}}}
{"step":104,"event":"eq","line":127,"unknown":{"kind":"local","node":"pp0","context":{"kind":"entry_state","values":["[5,5]"]}}}
{"step":105,"event":"stable_add","line":127,"unknown":{"kind":"local","node":"pp0","context":{"kind":"entry_state","values":["[5,5]"]}}}
{"step":106,"event":"query_local","line":128,"current":{"kind":"local","node":"pp0","context":{"kind":"entry_state","values":["[5,5]"]}},"target":{"kind":"local","node":"entry_bump","context":{"kind":"entry_state","values":["[5,5]"]}}}
{"step":107,"event":"iterate","line":130,"unknown":{"kind":"local","node":"entry_bump","context":{"kind":"entry_state","values":["[5,5]"]}},"called":true,"stable":false,"wpoint":false}
{"step":108,"event":"resolve","line":130,"unknown":{"kind":"local","node":"entry_bump","context":{"kind":"entry_state","values":["[5,5]"]}}}
{"step":109,"event":"eq","line":131,"unknown":{"kind":"local","node":"entry_bump","context":{"kind":"entry_state","values":["[5,5]"]}}}
{"step":110,"event":"stable_add","line":131,"unknown":{"kind":"local","node":"entry_bump","context":{"kind":"entry_state","values":["[5,5]"]}}}
{"step":111,"event":"add_infl","line":133,"unknown":{"kind":"activation_seed","procedure":"bump","context":{"kind":"entry_state","values":["[5,5]"]}},"reader":{"kind":"local","node":"entry_bump","context":{"kind":"entry_state","values":["[5,5]"]}}}
{"step":112,"event":"query_global","line":134,"current":{"kind":"local","node":"entry_bump","context":{"kind":"entry_state","values":["[5,5]"]}},"target":{"kind":"activation_seed","procedure":"bump","context":{"kind":"entry_state","values":["[5,5]"]}},"value":"interval: a=⊤, b=⊤, #ret=⊤, n=[5,5]"}
{"step":113,"event":"answer","line":136,"current":{"kind":"local","node":"entry_bump","context":{"kind":"entry_state","values":["[5,5]"]}},"value":"interval: a=⊤, b=⊤, #ret=⊤, n=[5,5]"}
{"step":114,"event":"update_local","line":137,"unknown":{"kind":"local","node":"entry_bump","context":{"kind":"entry_state","values":["[5,5]"]}},"old":"⊥","new":"interval: a=⊤, b=⊤, #ret=⊤, n=[5,5]"}
{"step":115,"event":"destabilize","line":141,"unknown":{"kind":"local","node":"entry_bump","context":{"kind":"entry_state","values":["[5,5]"]}}}
{"step":116,"event":"iterate","line":143,"unknown":{"kind":"local","node":"entry_bump","context":{"kind":"entry_state","values":["[5,5]"]}},"called":true,"stable":true,"wpoint":false}
{"step":117,"event":"add_infl","line":144,"unknown":{"kind":"local","node":"entry_bump","context":{"kind":"entry_state","values":["[5,5]"]}},"reader":{"kind":"local","node":"pp0","context":{"kind":"entry_state","values":["[5,5]"]}}}
{"step":118,"event":"value_local","line":145,"current":{"kind":"local","node":"pp0","context":{"kind":"entry_state","values":["[5,5]"]}},"target":{"kind":"local","node":"entry_bump","context":{"kind":"entry_state","values":["[5,5]"]}},"value":"interval: a=⊤, b=⊤, #ret=⊤, n=[5,5]"}
{"step":119,"event":"answer","line":147,"current":{"kind":"local","node":"pp0","context":{"kind":"entry_state","values":["[5,5]"]}},"value":"interval: a=⊤, b=⊤, #ret=⊤, n=[5,5]"}
{"step":120,"event":"update_local","line":148,"unknown":{"kind":"local","node":"pp0","context":{"kind":"entry_state","values":["[5,5]"]}},"old":"⊥","new":"interval: a=⊤, b=⊤, #ret=⊤, n=[5,5]"}
{"step":121,"event":"destabilize","line":152,"unknown":{"kind":"local","node":"pp0","context":{"kind":"entry_state","values":["[5,5]"]}}}
{"step":122,"event":"iterate","line":154,"unknown":{"kind":"local","node":"pp0","context":{"kind":"entry_state","values":["[5,5]"]}},"called":true,"stable":true,"wpoint":false}
{"step":123,"event":"add_infl","line":155,"unknown":{"kind":"local","node":"pp0","context":{"kind":"entry_state","values":["[5,5]"]}},"reader":{"kind":"local","node":"exit_bump","context":{"kind":"entry_state","values":["[5,5]"]}}}
{"step":124,"event":"value_local","line":156,"current":{"kind":"local","node":"exit_bump","context":{"kind":"entry_state","values":["[5,5]"]}},"target":{"kind":"local","node":"pp0","context":{"kind":"entry_state","values":["[5,5]"]}},"value":"interval: a=⊤, b=⊤, #ret=⊤, n=[5,5]"}
{"step":125,"event":"answer","line":158,"current":{"kind":"local","node":"exit_bump","context":{"kind":"entry_state","values":["[5,5]"]}},"value":"interval: a=⊤, b=⊤, #ret=[6,6], n=[5,5]"}
{"step":126,"event":"update_local","line":159,"unknown":{"kind":"local","node":"exit_bump","context":{"kind":"entry_state","values":["[5,5]"]}},"old":"⊥","new":"interval: a=⊤, b=⊤, #ret=[6,6], n=[5,5]"}
{"step":127,"event":"destabilize","line":163,"unknown":{"kind":"local","node":"exit_bump","context":{"kind":"entry_state","values":["[5,5]"]}}}
{"step":128,"event":"iterate","line":165,"unknown":{"kind":"local","node":"exit_bump","context":{"kind":"entry_state","values":["[5,5]"]}},"called":true,"stable":true,"wpoint":false}
{"step":129,"event":"add_infl","line":166,"unknown":{"kind":"local","node":"exit_bump","context":{"kind":"entry_state","values":["[5,5]"]}},"reader":{"kind":"local","node":"pp3","context":{"kind":"entry_state","values":[]}}}
{"step":130,"event":"value_local","line":167,"current":{"kind":"local","node":"pp3","context":{"kind":"entry_state","values":[]}},"target":{"kind":"local","node":"exit_bump","context":{"kind":"entry_state","values":["[5,5]"]}},"value":"interval: a=⊤, b=⊤, #ret=[6,6], n=[5,5]"}
{"step":131,"event":"side","line":169,"current":{"kind":"local","node":"pp3","context":{"kind":"entry_state","values":[]}},"target":{"kind":"activation_seed","procedure":"bump","context":{"kind":"entry_state","values":["[5,5]"]}},"value":"interval: a=⊤, b=⊤, #ret=⊤, n=[5,5]"}
{"step":132,"event":"answer","line":170,"current":{"kind":"local","node":"pp3","context":{"kind":"entry_state","values":[]}},"value":"interval: a=[6,6], b=⊤, #ret=⊤, n=⊤"}
{"step":133,"event":"update_local","line":171,"unknown":{"kind":"local","node":"pp3","context":{"kind":"entry_state","values":[]}},"old":"⊥","new":"interval: a=[6,6], b=⊤, #ret=⊤, n=⊤"}
{"step":134,"event":"destabilize","line":175,"unknown":{"kind":"local","node":"pp3","context":{"kind":"entry_state","values":[]}}}
{"step":135,"event":"iterate","line":177,"unknown":{"kind":"local","node":"pp3","context":{"kind":"entry_state","values":[]}},"called":true,"stable":true,"wpoint":false}
{"step":136,"event":"add_infl","line":178,"unknown":{"kind":"local","node":"pp3","context":{"kind":"entry_state","values":[]}},"reader":{"kind":"local","node":"pp4","context":{"kind":"entry_state","values":[]}}}
{"step":137,"event":"value_local","line":179,"current":{"kind":"local","node":"pp4","context":{"kind":"entry_state","values":[]}},"target":{"kind":"local","node":"pp3","context":{"kind":"entry_state","values":[]}},"value":"interval: a=[6,6], b=⊤, #ret=⊤, n=⊤"}
{"step":138,"event":"route","line":181,"call":{"kind":"local","node":"pp3","context":{"kind":"entry_state","values":[]}},"entry":"interval: a=⊤, b=⊤, #ret=⊤, n=[4,4]","context":{"kind":"entry_state","values":["[4,4]"]}}
{"step":139,"event":"query_local","line":182,"current":{"kind":"local","node":"pp4","context":{"kind":"entry_state","values":[]}},"target":{"kind":"local","node":"exit_bump","context":{"kind":"entry_state","values":["[4,4]"]}}}
{"step":140,"event":"iterate","line":184,"unknown":{"kind":"local","node":"exit_bump","context":{"kind":"entry_state","values":["[4,4]"]}},"called":true,"stable":false,"wpoint":false}
{"step":141,"event":"solve","line":184,"unknown":{"kind":"local","node":"exit_bump","context":{"kind":"entry_state","values":["[4,4]"]}}}
{"step":142,"event":"eq","line":185,"unknown":{"kind":"local","node":"exit_bump","context":{"kind":"entry_state","values":["[4,4]"]}}}
{"step":143,"event":"stable_add","line":185,"unknown":{"kind":"local","node":"exit_bump","context":{"kind":"entry_state","values":["[4,4]"]}}}
{"step":144,"event":"query_local","line":186,"current":{"kind":"local","node":"exit_bump","context":{"kind":"entry_state","values":["[4,4]"]}},"target":{"kind":"local","node":"pp0","context":{"kind":"entry_state","values":["[4,4]"]}}}
{"step":145,"event":"iterate","line":188,"unknown":{"kind":"local","node":"pp0","context":{"kind":"entry_state","values":["[4,4]"]}},"called":true,"stable":false,"wpoint":false}
{"step":146,"event":"solve","line":188,"unknown":{"kind":"local","node":"pp0","context":{"kind":"entry_state","values":["[4,4]"]}}}
{"step":147,"event":"eq","line":189,"unknown":{"kind":"local","node":"pp0","context":{"kind":"entry_state","values":["[4,4]"]}}}
{"step":148,"event":"stable_add","line":189,"unknown":{"kind":"local","node":"pp0","context":{"kind":"entry_state","values":["[4,4]"]}}}
{"step":149,"event":"query_local","line":190,"current":{"kind":"local","node":"pp0","context":{"kind":"entry_state","values":["[4,4]"]}},"target":{"kind":"local","node":"entry_bump","context":{"kind":"entry_state","values":["[4,4]"]}}}
{"step":150,"event":"iterate","line":192,"unknown":{"kind":"local","node":"entry_bump","context":{"kind":"entry_state","values":["[4,4]"]}},"called":true,"stable":false,"wpoint":false}
{"step":151,"event":"solve","line":192,"unknown":{"kind":"local","node":"entry_bump","context":{"kind":"entry_state","values":["[4,4]"]}}}
{"step":152,"event":"eq","line":193,"unknown":{"kind":"local","node":"entry_bump","context":{"kind":"entry_state","values":["[4,4]"]}}}
{"step":153,"event":"stable_add","line":193,"unknown":{"kind":"local","node":"entry_bump","context":{"kind":"entry_state","values":["[4,4]"]}}}
{"step":154,"event":"add_infl","line":195,"unknown":{"kind":"activation_seed","procedure":"bump","context":{"kind":"entry_state","values":["[4,4]"]}},"reader":{"kind":"local","node":"entry_bump","context":{"kind":"entry_state","values":["[4,4]"]}}}
{"step":155,"event":"query_global","line":196,"current":{"kind":"local","node":"entry_bump","context":{"kind":"entry_state","values":["[4,4]"]}},"target":{"kind":"activation_seed","procedure":"bump","context":{"kind":"entry_state","values":["[4,4]"]}},"value":"⊥"}
{"step":156,"event":"answer","line":198,"current":{"kind":"local","node":"entry_bump","context":{"kind":"entry_state","values":["[4,4]"]}},"value":"⊥"}
{"step":157,"event":"add_infl","line":203,"unknown":{"kind":"local","node":"entry_bump","context":{"kind":"entry_state","values":["[4,4]"]}},"reader":{"kind":"local","node":"pp0","context":{"kind":"entry_state","values":["[4,4]"]}}}
{"step":158,"event":"value_local","line":204,"current":{"kind":"local","node":"pp0","context":{"kind":"entry_state","values":["[4,4]"]}},"target":{"kind":"local","node":"entry_bump","context":{"kind":"entry_state","values":["[4,4]"]}},"value":"⊥"}
{"step":159,"event":"answer","line":206,"current":{"kind":"local","node":"pp0","context":{"kind":"entry_state","values":["[4,4]"]}},"value":"⊥"}
{"step":160,"event":"add_infl","line":211,"unknown":{"kind":"local","node":"pp0","context":{"kind":"entry_state","values":["[4,4]"]}},"reader":{"kind":"local","node":"exit_bump","context":{"kind":"entry_state","values":["[4,4]"]}}}
{"step":161,"event":"value_local","line":212,"current":{"kind":"local","node":"exit_bump","context":{"kind":"entry_state","values":["[4,4]"]}},"target":{"kind":"local","node":"pp0","context":{"kind":"entry_state","values":["[4,4]"]}},"value":"⊥"}
{"step":162,"event":"answer","line":214,"current":{"kind":"local","node":"exit_bump","context":{"kind":"entry_state","values":["[4,4]"]}},"value":"⊥"}
{"step":163,"event":"add_infl","line":219,"unknown":{"kind":"local","node":"exit_bump","context":{"kind":"entry_state","values":["[4,4]"]}},"reader":{"kind":"local","node":"pp4","context":{"kind":"entry_state","values":[]}}}
{"step":164,"event":"value_local","line":220,"current":{"kind":"local","node":"pp4","context":{"kind":"entry_state","values":[]}},"target":{"kind":"local","node":"exit_bump","context":{"kind":"entry_state","values":["[4,4]"]}},"value":"⊥"}
{"step":165,"event":"side","line":222,"current":{"kind":"local","node":"pp4","context":{"kind":"entry_state","values":[]}},"target":{"kind":"activation_seed","procedure":"bump","context":{"kind":"entry_state","values":["[4,4]"]}},"value":"interval: a=⊤, b=⊤, #ret=⊤, n=[4,4]"}
{"step":166,"event":"update_global","line":222,"unknown":{"kind":"activation_seed","procedure":"bump","context":{"kind":"entry_state","values":["[4,4]"]}},"old":"⊥","new":"interval: a=⊤, b=⊤, #ret=⊤, n=[4,4]"}
{"step":167,"event":"destabilize","line":223,"unknown":{"kind":"activation_seed","procedure":"bump","context":{"kind":"entry_state","values":["[4,4]"]}}}
{"step":168,"event":"stable_remove","line":224,"unknown":{"kind":"local","node":"entry_bump","context":{"kind":"entry_state","values":["[4,4]"]}}}
{"step":169,"event":"destabilize","line":225,"unknown":{"kind":"local","node":"entry_bump","context":{"kind":"entry_state","values":["[4,4]"]}}}
{"step":170,"event":"stable_remove","line":226,"unknown":{"kind":"local","node":"pp0","context":{"kind":"entry_state","values":["[4,4]"]}}}
{"step":171,"event":"destabilize","line":227,"unknown":{"kind":"local","node":"pp0","context":{"kind":"entry_state","values":["[4,4]"]}}}
{"step":172,"event":"stable_remove","line":228,"unknown":{"kind":"local","node":"exit_bump","context":{"kind":"entry_state","values":["[4,4]"]}}}
{"step":173,"event":"destabilize","line":229,"unknown":{"kind":"local","node":"exit_bump","context":{"kind":"entry_state","values":["[4,4]"]}}}
{"step":174,"event":"stable_remove","line":230,"unknown":{"kind":"local","node":"pp4","context":{"kind":"entry_state","values":[]}}}
{"step":175,"event":"answer","line":231,"current":{"kind":"local","node":"pp4","context":{"kind":"entry_state","values":[]}},"value":"⊥"}
{"step":176,"event":"still_unstable","line":232,"unknown":{"kind":"local","node":"pp4","context":{"kind":"entry_state","values":[]}}}
{"step":177,"event":"eq","line":233,"unknown":{"kind":"local","node":"pp4","context":{"kind":"entry_state","values":[]}}}
{"step":178,"event":"stable_add","line":233,"unknown":{"kind":"local","node":"pp4","context":{"kind":"entry_state","values":[]}}}
{"step":179,"event":"query_local","line":234,"current":{"kind":"local","node":"pp4","context":{"kind":"entry_state","values":[]}},"target":{"kind":"local","node":"pp3","context":{"kind":"entry_state","values":[]}}}
{"step":180,"event":"iterate","line":236,"unknown":{"kind":"local","node":"pp3","context":{"kind":"entry_state","values":[]}},"called":true,"stable":true,"wpoint":false}
{"step":181,"event":"add_infl","line":237,"unknown":{"kind":"local","node":"pp3","context":{"kind":"entry_state","values":[]}},"reader":{"kind":"local","node":"pp4","context":{"kind":"entry_state","values":[]}}}
{"step":182,"event":"value_local","line":238,"current":{"kind":"local","node":"pp4","context":{"kind":"entry_state","values":[]}},"target":{"kind":"local","node":"pp3","context":{"kind":"entry_state","values":[]}},"value":"interval: a=[6,6], b=⊤, #ret=⊤, n=⊤"}
{"step":183,"event":"route","line":240,"call":{"kind":"local","node":"pp3","context":{"kind":"entry_state","values":[]}},"entry":"interval: a=⊤, b=⊤, #ret=⊤, n=[4,4]","context":{"kind":"entry_state","values":["[4,4]"]}}
{"step":184,"event":"query_local","line":241,"current":{"kind":"local","node":"pp4","context":{"kind":"entry_state","values":[]}},"target":{"kind":"local","node":"exit_bump","context":{"kind":"entry_state","values":["[4,4]"]}}}
{"step":185,"event":"iterate","line":243,"unknown":{"kind":"local","node":"exit_bump","context":{"kind":"entry_state","values":["[4,4]"]}},"called":true,"stable":false,"wpoint":false}
{"step":186,"event":"resolve","line":243,"unknown":{"kind":"local","node":"exit_bump","context":{"kind":"entry_state","values":["[4,4]"]}}}
{"step":187,"event":"eq","line":244,"unknown":{"kind":"local","node":"exit_bump","context":{"kind":"entry_state","values":["[4,4]"]}}}
{"step":188,"event":"stable_add","line":244,"unknown":{"kind":"local","node":"exit_bump","context":{"kind":"entry_state","values":["[4,4]"]}}}
{"step":189,"event":"query_local","line":245,"current":{"kind":"local","node":"exit_bump","context":{"kind":"entry_state","values":["[4,4]"]}},"target":{"kind":"local","node":"pp0","context":{"kind":"entry_state","values":["[4,4]"]}}}
{"step":190,"event":"iterate","line":247,"unknown":{"kind":"local","node":"pp0","context":{"kind":"entry_state","values":["[4,4]"]}},"called":true,"stable":false,"wpoint":false}
{"step":191,"event":"resolve","line":247,"unknown":{"kind":"local","node":"pp0","context":{"kind":"entry_state","values":["[4,4]"]}}}
{"step":192,"event":"eq","line":248,"unknown":{"kind":"local","node":"pp0","context":{"kind":"entry_state","values":["[4,4]"]}}}
{"step":193,"event":"stable_add","line":248,"unknown":{"kind":"local","node":"pp0","context":{"kind":"entry_state","values":["[4,4]"]}}}
{"step":194,"event":"query_local","line":249,"current":{"kind":"local","node":"pp0","context":{"kind":"entry_state","values":["[4,4]"]}},"target":{"kind":"local","node":"entry_bump","context":{"kind":"entry_state","values":["[4,4]"]}}}
{"step":195,"event":"iterate","line":251,"unknown":{"kind":"local","node":"entry_bump","context":{"kind":"entry_state","values":["[4,4]"]}},"called":true,"stable":false,"wpoint":false}
{"step":196,"event":"resolve","line":251,"unknown":{"kind":"local","node":"entry_bump","context":{"kind":"entry_state","values":["[4,4]"]}}}
{"step":197,"event":"eq","line":252,"unknown":{"kind":"local","node":"entry_bump","context":{"kind":"entry_state","values":["[4,4]"]}}}
{"step":198,"event":"stable_add","line":252,"unknown":{"kind":"local","node":"entry_bump","context":{"kind":"entry_state","values":["[4,4]"]}}}
{"step":199,"event":"add_infl","line":254,"unknown":{"kind":"activation_seed","procedure":"bump","context":{"kind":"entry_state","values":["[4,4]"]}},"reader":{"kind":"local","node":"entry_bump","context":{"kind":"entry_state","values":["[4,4]"]}}}
{"step":200,"event":"query_global","line":255,"current":{"kind":"local","node":"entry_bump","context":{"kind":"entry_state","values":["[4,4]"]}},"target":{"kind":"activation_seed","procedure":"bump","context":{"kind":"entry_state","values":["[4,4]"]}},"value":"interval: a=⊤, b=⊤, #ret=⊤, n=[4,4]"}
{"step":201,"event":"answer","line":257,"current":{"kind":"local","node":"entry_bump","context":{"kind":"entry_state","values":["[4,4]"]}},"value":"interval: a=⊤, b=⊤, #ret=⊤, n=[4,4]"}
{"step":202,"event":"update_local","line":258,"unknown":{"kind":"local","node":"entry_bump","context":{"kind":"entry_state","values":["[4,4]"]}},"old":"⊥","new":"interval: a=⊤, b=⊤, #ret=⊤, n=[4,4]"}
{"step":203,"event":"destabilize","line":262,"unknown":{"kind":"local","node":"entry_bump","context":{"kind":"entry_state","values":["[4,4]"]}}}
{"step":204,"event":"iterate","line":264,"unknown":{"kind":"local","node":"entry_bump","context":{"kind":"entry_state","values":["[4,4]"]}},"called":true,"stable":true,"wpoint":false}
{"step":205,"event":"add_infl","line":265,"unknown":{"kind":"local","node":"entry_bump","context":{"kind":"entry_state","values":["[4,4]"]}},"reader":{"kind":"local","node":"pp0","context":{"kind":"entry_state","values":["[4,4]"]}}}
{"step":206,"event":"value_local","line":266,"current":{"kind":"local","node":"pp0","context":{"kind":"entry_state","values":["[4,4]"]}},"target":{"kind":"local","node":"entry_bump","context":{"kind":"entry_state","values":["[4,4]"]}},"value":"interval: a=⊤, b=⊤, #ret=⊤, n=[4,4]"}
{"step":207,"event":"answer","line":268,"current":{"kind":"local","node":"pp0","context":{"kind":"entry_state","values":["[4,4]"]}},"value":"interval: a=⊤, b=⊤, #ret=⊤, n=[4,4]"}
{"step":208,"event":"update_local","line":269,"unknown":{"kind":"local","node":"pp0","context":{"kind":"entry_state","values":["[4,4]"]}},"old":"⊥","new":"interval: a=⊤, b=⊤, #ret=⊤, n=[4,4]"}
{"step":209,"event":"destabilize","line":273,"unknown":{"kind":"local","node":"pp0","context":{"kind":"entry_state","values":["[4,4]"]}}}
{"step":210,"event":"iterate","line":275,"unknown":{"kind":"local","node":"pp0","context":{"kind":"entry_state","values":["[4,4]"]}},"called":true,"stable":true,"wpoint":false}
{"step":211,"event":"add_infl","line":276,"unknown":{"kind":"local","node":"pp0","context":{"kind":"entry_state","values":["[4,4]"]}},"reader":{"kind":"local","node":"exit_bump","context":{"kind":"entry_state","values":["[4,4]"]}}}
{"step":212,"event":"value_local","line":277,"current":{"kind":"local","node":"exit_bump","context":{"kind":"entry_state","values":["[4,4]"]}},"target":{"kind":"local","node":"pp0","context":{"kind":"entry_state","values":["[4,4]"]}},"value":"interval: a=⊤, b=⊤, #ret=⊤, n=[4,4]"}
{"step":213,"event":"answer","line":279,"current":{"kind":"local","node":"exit_bump","context":{"kind":"entry_state","values":["[4,4]"]}},"value":"interval: a=⊤, b=⊤, #ret=[5,5], n=[4,4]"}
{"step":214,"event":"update_local","line":280,"unknown":{"kind":"local","node":"exit_bump","context":{"kind":"entry_state","values":["[4,4]"]}},"old":"⊥","new":"interval: a=⊤, b=⊤, #ret=[5,5], n=[4,4]"}
{"step":215,"event":"destabilize","line":284,"unknown":{"kind":"local","node":"exit_bump","context":{"kind":"entry_state","values":["[4,4]"]}}}
{"step":216,"event":"iterate","line":286,"unknown":{"kind":"local","node":"exit_bump","context":{"kind":"entry_state","values":["[4,4]"]}},"called":true,"stable":true,"wpoint":false}
{"step":217,"event":"add_infl","line":287,"unknown":{"kind":"local","node":"exit_bump","context":{"kind":"entry_state","values":["[4,4]"]}},"reader":{"kind":"local","node":"pp4","context":{"kind":"entry_state","values":[]}}}
{"step":218,"event":"value_local","line":288,"current":{"kind":"local","node":"pp4","context":{"kind":"entry_state","values":[]}},"target":{"kind":"local","node":"exit_bump","context":{"kind":"entry_state","values":["[4,4]"]}},"value":"interval: a=⊤, b=⊤, #ret=[5,5], n=[4,4]"}
{"step":219,"event":"side","line":290,"current":{"kind":"local","node":"pp4","context":{"kind":"entry_state","values":[]}},"target":{"kind":"activation_seed","procedure":"bump","context":{"kind":"entry_state","values":["[4,4]"]}},"value":"interval: a=⊤, b=⊤, #ret=⊤, n=[4,4]"}
{"step":220,"event":"answer","line":291,"current":{"kind":"local","node":"pp4","context":{"kind":"entry_state","values":[]}},"value":"interval: a=[6,6], b=[5,5], #ret=⊤, n=⊤"}
{"step":221,"event":"update_local","line":292,"unknown":{"kind":"local","node":"pp4","context":{"kind":"entry_state","values":[]}},"old":"⊥","new":"interval: a=[6,6], b=[5,5], #ret=⊤, n=⊤"}
{"step":222,"event":"destabilize","line":296,"unknown":{"kind":"local","node":"pp4","context":{"kind":"entry_state","values":[]}}}
{"step":223,"event":"iterate","line":298,"unknown":{"kind":"local","node":"pp4","context":{"kind":"entry_state","values":[]}},"called":true,"stable":true,"wpoint":false}
{"step":224,"event":"add_infl","line":299,"unknown":{"kind":"local","node":"pp4","context":{"kind":"entry_state","values":[]}},"reader":{"kind":"local","node":"pp5","context":{"kind":"entry_state","values":[]}}}
{"step":225,"event":"value_local","line":300,"current":{"kind":"local","node":"pp5","context":{"kind":"entry_state","values":[]}},"target":{"kind":"local","node":"pp4","context":{"kind":"entry_state","values":[]}},"value":"interval: a=[6,6], b=[5,5], #ret=⊤, n=⊤"}
{"step":226,"event":"answer","line":302,"current":{"kind":"local","node":"pp5","context":{"kind":"entry_state","values":[]}},"value":"interval: a=[6,6], b=[5,5], #ret=⊤, n=⊤"}
{"step":227,"event":"update_local","line":303,"unknown":{"kind":"local","node":"pp5","context":{"kind":"entry_state","values":[]}},"old":"⊥","new":"interval: a=[6,6], b=[5,5], #ret=⊤, n=⊤"}
{"step":228,"event":"destabilize","line":307,"unknown":{"kind":"local","node":"pp5","context":{"kind":"entry_state","values":[]}}}
{"step":229,"event":"iterate","line":309,"unknown":{"kind":"local","node":"pp5","context":{"kind":"entry_state","values":[]}},"called":true,"stable":true,"wpoint":false}
{"step":230,"event":"add_infl","line":310,"unknown":{"kind":"local","node":"pp5","context":{"kind":"entry_state","values":[]}},"reader":{"kind":"local","node":"pp6","context":{"kind":"entry_state","values":[]}}}
{"step":231,"event":"value_local","line":311,"current":{"kind":"local","node":"pp6","context":{"kind":"entry_state","values":[]}},"target":{"kind":"local","node":"pp5","context":{"kind":"entry_state","values":[]}},"value":"interval: a=[6,6], b=[5,5], #ret=⊤, n=⊤"}
{"step":232,"event":"answer","line":313,"current":{"kind":"local","node":"pp6","context":{"kind":"entry_state","values":[]}},"value":"interval: a=[6,6], b=[5,5], #ret=⊤, n=⊤"}
{"step":233,"event":"update_local","line":314,"unknown":{"kind":"local","node":"pp6","context":{"kind":"entry_state","values":[]}},"old":"⊥","new":"interval: a=[6,6], b=[5,5], #ret=⊤, n=⊤"}
{"step":234,"event":"destabilize","line":318,"unknown":{"kind":"local","node":"pp6","context":{"kind":"entry_state","values":[]}}}
{"step":235,"event":"iterate","line":320,"unknown":{"kind":"local","node":"pp6","context":{"kind":"entry_state","values":[]}},"called":true,"stable":true,"wpoint":false}
{"step":236,"event":"add_infl","line":321,"unknown":{"kind":"local","node":"pp6","context":{"kind":"entry_state","values":[]}},"reader":{"kind":"local","node":"exit_main","context":{"kind":"entry_state","values":[]}}}
{"step":237,"event":"value_local","line":322,"current":{"kind":"local","node":"exit_main","context":{"kind":"entry_state","values":[]}},"target":{"kind":"local","node":"pp6","context":{"kind":"entry_state","values":[]}},"value":"interval: a=[6,6], b=[5,5], #ret=⊤, n=⊤"}
{"step":238,"event":"answer","line":324,"current":{"kind":"local","node":"exit_main","context":{"kind":"entry_state","values":[]}},"value":"interval: a=[6,6], b=[5,5], #ret=⊤, n=⊤"}
{"step":239,"event":"update_local","line":325,"unknown":{"kind":"local","node":"exit_main","context":{"kind":"entry_state","values":[]}},"old":"⊥","new":"interval: a=[6,6], b=[5,5], #ret=⊤, n=⊤"}
{"step":240,"event":"destabilize","line":329,"unknown":{"kind":"local","node":"exit_main","context":{"kind":"entry_state","values":[]}}}
{"step":241,"event":"iterate","line":331,"unknown":{"kind":"local","node":"exit_main","context":{"kind":"entry_state","values":[]}},"called":true,"stable":true,"wpoint":false}
{"event":"result","unknown":{"kind":"local","node":"pp5","context":{"kind":"entry_state","values":[]}},"value":"interval: a=[6,6], b=[5,5], #ret=⊤, n=⊤"}
{"event":"result","unknown":{"kind":"local","node":"pp6","context":{"kind":"entry_state","values":[]}},"value":"interval: a=[6,6], b=[5,5], #ret=⊤, n=⊤"}
{"event":"result","unknown":{"kind":"local","node":"exit_main","context":{"kind":"entry_state","values":[]}},"value":"interval: a=[6,6], b=[5,5], #ret=⊤, n=⊤"}
{"event":"result","unknown":{"kind":"local","node":"pp2","context":{"kind":"entry_state","values":[]}},"value":"interval: a=⊤, b=⊤, #ret=⊤, n=⊤"}
{"event":"result","unknown":{"kind":"local","node":"pp3","context":{"kind":"entry_state","values":[]}},"value":"interval: a=[6,6], b=⊤, #ret=⊤, n=⊤"}
{"event":"result","unknown":{"kind":"local","node":"pp4","context":{"kind":"entry_state","values":[]}},"value":"interval: a=[6,6], b=[5,5], #ret=⊤, n=⊤"}
{"event":"result","unknown":{"kind":"local","node":"entry_main","context":{"kind":"entry_state","values":[]}},"value":"interval: a=⊤, b=⊤, #ret=⊤, n=⊤"}
{"event":"result","unknown":{"kind":"local","node":"exit_bump","context":{"kind":"entry_state","values":["[4,4]"]}},"value":"interval: a=⊤, b=⊤, #ret=[5,5], n=[4,4]"}
{"event":"result","unknown":{"kind":"local","node":"pp0","context":{"kind":"entry_state","values":["[4,4]"]}},"value":"interval: a=⊤, b=⊤, #ret=⊤, n=[4,4]"}
{"event":"result","unknown":{"kind":"local","node":"entry_bump","context":{"kind":"entry_state","values":["[4,4]"]}},"value":"interval: a=⊤, b=⊤, #ret=⊤, n=[4,4]"}
{"event":"result","unknown":{"kind":"local","node":"exit_bump","context":{"kind":"entry_state","values":["[5,5]"]}},"value":"interval: a=⊤, b=⊤, #ret=[6,6], n=[5,5]"}
{"event":"result","unknown":{"kind":"local","node":"pp0","context":{"kind":"entry_state","values":["[5,5]"]}},"value":"interval: a=⊤, b=⊤, #ret=⊤, n=[5,5]"}
{"event":"result","unknown":{"kind":"local","node":"entry_bump","context":{"kind":"entry_state","values":["[5,5]"]}},"value":"interval: a=⊤, b=⊤, #ret=⊤, n=[5,5]"}
{"event":"check","point":"pp4","condition":"a == 6","verdict":"PROVED"}
{"event":"check","point":"pp5","condition":"b == 5","verdict":"PROVED"}
{"event":"end","local_unknowns":13,"global_unknowns":3}
